node:internal/modules/cjs/loader:1451
  throw err;
  ^

Error: Cannot find module 'dotenv'
Require stack:
- /Users/thankiayushi/Downloads/APPS-main/server.js
    at Module._resolveFilename (node:internal/modules/cjs/loader:1448:15)
    at defaultResolveImpl (node:internal/modules/cjs/loader:1059:19)
    at resolveForCJSWithHooks (node:internal/modules/cjs/loader:1064:22)
    at Module._load (node:internal/modules/cjs/loader:1234:25)
    at TracingChannel.traceSync (node:diagnostics_channel:328:14)
    at wrapModuleLoad (node:internal/modules/cjs/loader:245:24)
    at Module.require (node:internal/modules/cjs/loader:1548:12)
    at require (node:internal/modules/helpers:152:16)
    at Object.<anonymous> (/Users/thankiayushi/Downloads/APPS-main/server.js:2:1)
    at Module._compile (node:internal/modules/cjs/loader:1804:14) {
  code: 'MODULE_NOT_FOUND',
  requireStack: [ '/Users/thankiayushi/Downloads/APPS-main/server.js' ]
}

Node.js v24.13.1
